/seu_share/home/qiguilin/220236147/.conda/envs/g_retriever/lib/python3.9/site-packages/torch_geometric/typing.py:18: UserWarning: An issue occurred while importing 'pyg-lib'. Disabling its usage. Stacktrace: /lib64/libm.so.6: version `GLIBC_2.29' not found (required by /seu_share/home/qiguilin/220236147/.conda/envs/g_retriever/lib/python3.9/site-packages/libpyg.so)
  warnings.warn(f"An issue occurred while importing 'pyg-lib'. "
/seu_share/home/qiguilin/220236147/.conda/envs/g_retriever/lib/python3.9/site-packages/torch_geometric/typing.py:42: UserWarning: An issue occurred while importing 'torch-sparse'. Disabling its usage. Stacktrace: /lib64/libm.so.6: version `GLIBC_2.29' not found (required by /seu_share/home/qiguilin/220236147/.conda/envs/g_retriever/lib/python3.9/site-packages/libpyg.so)
  warnings.warn(f"An issue occurred while importing 'torch-sparse'. "
Traceback (most recent call last):
  File "/seu_share/home/qiguilin/220236147/wjt_gretriever/g_retriever_ukg/train.py", line 161, in <module>
    main(args)
  File "/seu_share/home/qiguilin/220236147/wjt_gretriever/g_retriever_ukg/train.py", line 35, in main
    dataset = load_dataset[args.dataset]()
KeyError: 'ppi5k_baseline_cp'
/seu_share/home/qiguilin/220236147/.conda/envs/g_retriever/lib/python3.9/site-packages/torch_geometric/typing.py:18: UserWarning: An issue occurred while importing 'pyg-lib'. Disabling its usage. Stacktrace: /lib64/libm.so.6: version `GLIBC_2.29' not found (required by /seu_share/home/qiguilin/220236147/.conda/envs/g_retriever/lib/python3.9/site-packages/libpyg.so)
  warnings.warn(f"An issue occurred while importing 'pyg-lib'. "
/seu_share/home/qiguilin/220236147/.conda/envs/g_retriever/lib/python3.9/site-packages/torch_geometric/typing.py:42: UserWarning: An issue occurred while importing 'torch-sparse'. Disabling its usage. Stacktrace: /lib64/libm.so.6: version `GLIBC_2.29' not found (required by /seu_share/home/qiguilin/220236147/.conda/envs/g_retriever/lib/python3.9/site-packages/libpyg.so)
  warnings.warn(f"An issue occurred while importing 'torch-sparse'. "
Traceback (most recent call last):
  File "/seu_share/home/qiguilin/220236147/wjt_gretriever/g_retriever_ukg/train.py", line 161, in <module>
    main(args)
  File "/seu_share/home/qiguilin/220236147/wjt_gretriever/g_retriever_ukg/train.py", line 35, in main
    dataset = load_dataset[args.dataset]()
KeyError: 'ppi5k_baseline_cp'
