/seu_share/home/qiguilin/220236147/.conda/envs/g_retriever/lib/python3.9/site-packages/deepspeed/accelerator/cuda_accelerator.py:33: FutureWarning: The pynvml package is deprecated. Please install nvidia-ml-py instead. If you did not install pynvml directly, please report this to the maintainers of the package that installed pynvml for you.
  import pynvml
WARNING:torch.distributed.run:
*****************************************
Setting OMP_NUM_THREADS environment variable for each process to be 1 in default, to avoid your system being overloaded, please further tune the variable for optimal performance in your application as needed. 
*****************************************
/seu_share/home/qiguilin/220236147/.conda/envs/g_retriever/lib/python3.9/site-packages/torch_geometric/typing.py:18: UserWarning: An issue occurred while importing 'pyg-lib'. Disabling its usage. Stacktrace: /lib64/libm.so.6: version `GLIBC_2.29' not found (required by /seu_share/home/qiguilin/220236147/.conda/envs/g_retriever/lib/python3.9/site-packages/libpyg.so)
  warnings.warn(f"An issue occurred while importing 'pyg-lib'. "
/seu_share/home/qiguilin/220236147/.conda/envs/g_retriever/lib/python3.9/site-packages/torch_geometric/typing.py:18: UserWarning: An issue occurred while importing 'pyg-lib'. Disabling its usage. Stacktrace: /lib64/libm.so.6: version `GLIBC_2.29' not found (required by /seu_share/home/qiguilin/220236147/.conda/envs/g_retriever/lib/python3.9/site-packages/libpyg.so)
  warnings.warn(f"An issue occurred while importing 'pyg-lib'. "
/seu_share/home/qiguilin/220236147/.conda/envs/g_retriever/lib/python3.9/site-packages/torch_geometric/typing.py:42: UserWarning: An issue occurred while importing 'torch-sparse'. Disabling its usage. Stacktrace: /lib64/libm.so.6: version `GLIBC_2.29' not found (required by /seu_share/home/qiguilin/220236147/.conda/envs/g_retriever/lib/python3.9/site-packages/libpyg.so)
  warnings.warn(f"An issue occurred while importing 'torch-sparse'. "
/seu_share/home/qiguilin/220236147/.conda/envs/g_retriever/lib/python3.9/site-packages/torch_geometric/typing.py:42: UserWarning: An issue occurred while importing 'torch-sparse'. Disabling its usage. Stacktrace: /lib64/libm.so.6: version `GLIBC_2.29' not found (required by /seu_share/home/qiguilin/220236147/.conda/envs/g_retriever/lib/python3.9/site-packages/libpyg.so)
  warnings.warn(f"An issue occurred while importing 'torch-sparse'. "
Traceback (most recent call last):
  File "/seu_share/home/qiguilin/220236147/wjt_gretriever/g_retriever_ukg/train.py", line 162, in <module>
    main(args)
  File "/seu_share/home/qiguilin/220236147/wjt_gretriever/g_retriever_ukg/train.py", line 59, in main
    model = load_model[args.model_name](graph_type=dataset.graph_type, args=args, init_prompt=dataset.prompt)
  File "/seu_share/home/qiguilin/220236147/wjt_gretriever/g_retriever_ukg/src/model/llm_newloss.py", line 36, in __init__
    gradient_accumulation_steps = gradient_accumulation_steps // world_size
UnboundLocalError: local variable 'gradient_accumulation_steps' referenced before assignment
Traceback (most recent call last):
  File "/seu_share/home/qiguilin/220236147/wjt_gretriever/g_retriever_ukg/train.py", line 162, in <module>
    main(args)
  File "/seu_share/home/qiguilin/220236147/wjt_gretriever/g_retriever_ukg/train.py", line 59, in main
    model = load_model[args.model_name](graph_type=dataset.graph_type, args=args, init_prompt=dataset.prompt)
  File "/seu_share/home/qiguilin/220236147/wjt_gretriever/g_retriever_ukg/src/model/llm_newloss.py", line 36, in __init__
    gradient_accumulation_steps = gradient_accumulation_steps // world_size
UnboundLocalError: local variable 'gradient_accumulation_steps' referenced before assignment
WARNING:torch.distributed.elastic.multiprocessing.api:Sending process 1557317 closing signal SIGTERM
ERROR:torch.distributed.elastic.multiprocessing.api:failed (exitcode: 1) local_rank: 0 (pid: 1557316) of binary: /seu_share/home/qiguilin/220236147/.conda/envs/g_retriever/bin/python3.9
Traceback (most recent call last):
  File "/seu_share/home/qiguilin/220236147/.conda/envs/g_retriever/bin/accelerate", line 8, in <module>
    sys.exit(main())
  File "/seu_share/home/qiguilin/220236147/.conda/envs/g_retriever/lib/python3.9/site-packages/accelerate/commands/accelerate_cli.py", line 50, in main
    args.func(args)
  File "/seu_share/home/qiguilin/220236147/.conda/envs/g_retriever/lib/python3.9/site-packages/accelerate/commands/launch.py", line 1183, in launch_command
    deepspeed_launcher(args)
  File "/seu_share/home/qiguilin/220236147/.conda/envs/g_retriever/lib/python3.9/site-packages/accelerate/commands/launch.py", line 868, in deepspeed_launcher
    distrib_run.run(args)
  File "/seu_share/home/qiguilin/220236147/.conda/envs/g_retriever/lib/python3.9/site-packages/torch/distributed/run.py", line 785, in run
    elastic_launch(
  File "/seu_share/home/qiguilin/220236147/.conda/envs/g_retriever/lib/python3.9/site-packages/torch/distributed/launcher/api.py", line 134, in __call__
    return launch_agent(self._config, self._entrypoint, list(args))
  File "/seu_share/home/qiguilin/220236147/.conda/envs/g_retriever/lib/python3.9/site-packages/torch/distributed/launcher/api.py", line 250, in launch_agent
    raise ChildFailedError(
torch.distributed.elastic.multiprocessing.errors.ChildFailedError: 
============================================================
train.py FAILED
------------------------------------------------------------
Failures:
  <NO_OTHER_FAILURES>
------------------------------------------------------------
Root Cause (first observed failure):
[0]:
  time      : 2025-11-13_16:01:24
  host      : h009
  rank      : 0 (local_rank: 0)
  exitcode  : 1 (pid: 1557316)
  error_file: <N/A>
  traceback : To enable traceback see: https://pytorch.org/docs/stable/elastic/errors.html
============================================================
