W&B offline. Running your script from this directory will only write metadata locally. Use wandb disabled to completely turn off W&B.
cn15k, instruction tuning with question-only, llm_froze=False
[2025-11-16 11:46:26,703] [INFO] [real_accelerator.py:158:get_accelerator] Setting ds_accelerator to cuda (auto detect)
[2025-11-16 11:46:28,531] [WARNING] [runner.py:203:fetch_hostfile] Unable to find hostfile, will proceed with training with local resources only.
Detected CUDA_VISIBLE_DEVICES=0 but ignoring it because one or several of --include/--exclude/--num_gpus/--num_nodes cl args were used. If you want to use CUDA_VISIBLE_DEVICES don't pass any of these arguments to deepspeed.
[2025-11-16 11:46:28,538] [INFO] [runner.py:570:main] cmd = /seu_share/home/qiguilin/220236147/.conda/envs/g_retriever/bin/python3.9 -u -m deepspeed.launcher.launch --world_info=eyJsb2NhbGhvc3QiOiBbMF19 --master_addr=127.0.0.1 --master_port=29503 --enable_each_rank_log=None train_ds.py --dataset cn15k_baseline_cp --model_name llm_ds --num_epochs 3 --batch_size 64 --micro_batch_size 32 --max_txt_len 0 --llm_frozen False --deepspeed ds_config_zero2_nocpu.json
[2025-11-16 11:46:30,113] [INFO] [real_accelerator.py:158:get_accelerator] Setting ds_accelerator to cuda (auto detect)
[2025-11-16 11:46:31,481] [INFO] [launch.py:145:main] WORLD INFO DICT: {'localhost': [0]}
[2025-11-16 11:46:31,482] [INFO] [launch.py:151:main] nnodes=1, num_local_procs=1, node_rank=0
[2025-11-16 11:46:31,482] [INFO] [launch.py:162:main] global_rank_mapping=defaultdict(<class 'list'>, {'localhost': [0]})
[2025-11-16 11:46:31,482] [INFO] [launch.py:163:main] dist_world_size=1
[2025-11-16 11:46:31,482] [INFO] [launch.py:165:main] Setting CUDA_VISIBLE_DEVICES=0
start import from src/ ...
end import from src! cost 172.1s
start load args ...
end load args! cost 0.0s
Namespace(model_name='llm_ds', project='project_g_retriever', seed=0, dataset='cn15k_baseline_cp', lr=1e-05, wd=0.05, patience=2, batch_size=64, micro_batch_size=32, grad_steps=2, num_epochs=3, warmup_epochs=1, eval_batch_size=16, llm_model_name='7b_chat', llm_model_path='', llm_frozen='False', llm_num_virtual_tokens=10, output_dir='output', max_txt_len=0, max_new_tokens=32, max_memory=[80, 80], gnn_model_name='gt', gnn_num_layers=4, gnn_in_dim=1024, gnn_hidden_dim=1024, gnn_num_heads=4, gnn_dropout=0.0, local_rank=0, deepspeed='ds_config_zero2_nocpu.json', fp16=False)
start load model...
world_size: 1, ddp: False
device_map: auto
[2025-11-16 11:51:03,765] [INFO] [launch.py:315:sigkill_handler] Killing subprocess 877142
[2025-11-16 11:51:03,766] [ERROR] [launch.py:321:sigkill_handler] ['/seu_share/home/qiguilin/220236147/.conda/envs/g_retriever/bin/python3.9', '-u', 'train_ds.py', '--local_rank=0', '--dataset', 'cn15k_baseline_cp', '--model_name', 'llm_ds', '--num_epochs', '3', '--batch_size', '64', '--micro_batch_size', '32', '--max_txt_len', '0', '--llm_frozen', 'False', '--deepspeed', 'ds_config_zero2_nocpu.json'] exits with return code = 1
cn15k, instruction tuning with random sampled 50 triples, llm_froze=False
[2025-11-16 11:51:06,215] [INFO] [real_accelerator.py:158:get_accelerator] Setting ds_accelerator to cuda (auto detect)
[2025-11-16 11:51:07,960] [WARNING] [runner.py:203:fetch_hostfile] Unable to find hostfile, will proceed with training with local resources only.
Detected CUDA_VISIBLE_DEVICES=0 but ignoring it because one or several of --include/--exclude/--num_gpus/--num_nodes cl args were used. If you want to use CUDA_VISIBLE_DEVICES don't pass any of these arguments to deepspeed.
[2025-11-16 11:51:07,967] [INFO] [runner.py:570:main] cmd = /seu_share/home/qiguilin/220236147/.conda/envs/g_retriever/bin/python3.9 -u -m deepspeed.launcher.launch --world_info=eyJsb2NhbGhvc3QiOiBbMF19 --master_addr=127.0.0.1 --master_port=29503 --enable_each_rank_log=None train_ds.py --dataset cn15k_baseline_cp --model_name llm_ds --num_epochs 3 --batch_size 64 --micro_batch_size 16 --max_txt_len 1200 --llm_frozen False --deepspeed ds_config_zero2_nocpu.json
[2025-11-16 11:51:09,457] [INFO] [real_accelerator.py:158:get_accelerator] Setting ds_accelerator to cuda (auto detect)
[2025-11-16 11:51:10,786] [INFO] [launch.py:145:main] WORLD INFO DICT: {'localhost': [0]}
[2025-11-16 11:51:10,787] [INFO] [launch.py:151:main] nnodes=1, num_local_procs=1, node_rank=0
[2025-11-16 11:51:10,787] [INFO] [launch.py:162:main] global_rank_mapping=defaultdict(<class 'list'>, {'localhost': [0]})
[2025-11-16 11:51:10,787] [INFO] [launch.py:163:main] dist_world_size=1
[2025-11-16 11:51:10,787] [INFO] [launch.py:165:main] Setting CUDA_VISIBLE_DEVICES=0
start import from src/ ...
end import from src! cost 169.6s
start load args ...
end load args! cost 0.0s
Namespace(model_name='llm_ds', project='project_g_retriever', seed=0, dataset='cn15k_baseline_cp', lr=1e-05, wd=0.05, patience=2, batch_size=64, micro_batch_size=16, grad_steps=2, num_epochs=3, warmup_epochs=1, eval_batch_size=16, llm_model_name='7b_chat', llm_model_path='', llm_frozen='False', llm_num_virtual_tokens=10, output_dir='output', max_txt_len=1200, max_new_tokens=32, max_memory=[80, 80], gnn_model_name='gt', gnn_num_layers=4, gnn_in_dim=1024, gnn_hidden_dim=1024, gnn_num_heads=4, gnn_dropout=0.0, local_rank=0, deepspeed='ds_config_zero2_nocpu.json', fp16=False)
start load model...
world_size: 1, ddp: False
device_map: auto
[2025-11-16 11:55:39,066] [INFO] [launch.py:315:sigkill_handler] Killing subprocess 881104
[2025-11-16 11:55:39,067] [ERROR] [launch.py:321:sigkill_handler] ['/seu_share/home/qiguilin/220236147/.conda/envs/g_retriever/bin/python3.9', '-u', 'train_ds.py', '--local_rank=0', '--dataset', 'cn15k_baseline_cp', '--model_name', 'llm_ds', '--num_epochs', '3', '--batch_size', '64', '--micro_batch_size', '16', '--max_txt_len', '1200', '--llm_frozen', 'False', '--deepspeed', 'ds_config_zero2_nocpu.json'] exits with return code = 1
