/seu_share/home/qiguilin/220236147/.conda/envs/g_retriever/lib/python3.9/site-packages/deepspeed/accelerator/cuda_accelerator.py:33: FutureWarning: The pynvml package is deprecated. Please install nvidia-ml-py instead. If you did not install pynvml directly, please report this to the maintainers of the package that installed pynvml for you.
  import pynvml
/seu_share/home/qiguilin/220236147/.conda/envs/g_retriever/lib/python3.9/site-packages/deepspeed/accelerator/cuda_accelerator.py:33: FutureWarning: The pynvml package is deprecated. Please install nvidia-ml-py instead. If you did not install pynvml directly, please report this to the maintainers of the package that installed pynvml for you.
  import pynvml
/seu_share/home/qiguilin/220236147/.conda/envs/g_retriever/lib/python3.9/site-packages/torch_geometric/typing.py:18: UserWarning: An issue occurred while importing 'pyg-lib'. Disabling its usage. Stacktrace: /lib64/libm.so.6: version `GLIBC_2.29' not found (required by /seu_share/home/qiguilin/220236147/.conda/envs/g_retriever/lib/python3.9/site-packages/libpyg.so)
  warnings.warn(f"An issue occurred while importing 'pyg-lib'. "
/seu_share/home/qiguilin/220236147/.conda/envs/g_retriever/lib/python3.9/site-packages/torch_geometric/typing.py:18: UserWarning: An issue occurred while importing 'pyg-lib'. Disabling its usage. Stacktrace: /lib64/libm.so.6: version `GLIBC_2.29' not found (required by /seu_share/home/qiguilin/220236147/.conda/envs/g_retriever/lib/python3.9/site-packages/libpyg.so)
  warnings.warn(f"An issue occurred while importing 'pyg-lib'. "
/seu_share/home/qiguilin/220236147/.conda/envs/g_retriever/lib/python3.9/site-packages/torch_geometric/typing.py:42: UserWarning: An issue occurred while importing 'torch-sparse'. Disabling its usage. Stacktrace: /lib64/libm.so.6: version `GLIBC_2.29' not found (required by /seu_share/home/qiguilin/220236147/.conda/envs/g_retriever/lib/python3.9/site-packages/libpyg.so)
  warnings.warn(f"An issue occurred while importing 'torch-sparse'. "
/seu_share/home/qiguilin/220236147/.conda/envs/g_retriever/lib/python3.9/site-packages/torch_geometric/typing.py:42: UserWarning: An issue occurred while importing 'torch-sparse'. Disabling its usage. Stacktrace: /lib64/libm.so.6: version `GLIBC_2.29' not found (required by /seu_share/home/qiguilin/220236147/.conda/envs/g_retriever/lib/python3.9/site-packages/libpyg.so)
  warnings.warn(f"An issue occurred while importing 'torch-sparse'. "
Loading checkpoint shards:   0%|          | 0/2 [00:00<?, ?it/s]Loading checkpoint shards:   0%|          | 0/2 [00:00<?, ?it/s]Loading checkpoint shards:  50%|█████     | 1/2 [00:33<00:33, 33.03s/it]Loading checkpoint shards:  50%|█████     | 1/2 [00:33<00:33, 33.27s/it]Loading checkpoint shards: 100%|██████████| 2/2 [01:02<00:00, 31.03s/it]Loading checkpoint shards: 100%|██████████| 2/2 [01:02<00:00, 31.33s/it]
Loading checkpoint shards: 100%|██████████| 2/2 [01:02<00:00, 31.11s/it]Loading checkpoint shards: 100%|██████████| 2/2 [01:02<00:00, 31.44s/it]
/seu_share/home/qiguilin/220236147/.conda/envs/g_retriever/lib/python3.9/site-packages/torch/cuda/memory.py:303: FutureWarning: torch.cuda.reset_max_memory_allocated now calls torch.cuda.reset_peak_memory_stats, which resets /all/ peak memory stats.
  warnings.warn(
Traceback (most recent call last):
  File "/seu_share/home/qiguilin/220236147/wjt_gretriever/g_retriever_ukg/train_ds_customtrainer.py", line 407, in <module>
    main(args)
  File "/seu_share/home/qiguilin/220236147/wjt_gretriever/g_retriever_ukg/train_ds_customtrainer.py", line 380, in main
    path = f'{output_path}test_result.csv'
NameError: name 'output_path' is not defined
/seu_share/home/qiguilin/220236147/.conda/envs/g_retriever/lib/python3.9/site-packages/torch/cuda/memory.py:303: FutureWarning: torch.cuda.reset_max_memory_allocated now calls torch.cuda.reset_peak_memory_stats, which resets /all/ peak memory stats.
  warnings.warn(
Traceback (most recent call last):
  File "/seu_share/home/qiguilin/220236147/wjt_gretriever/g_retriever_ukg/train_ds_customtrainer.py", line 407, in <module>
    main(args)
  File "/seu_share/home/qiguilin/220236147/wjt_gretriever/g_retriever_ukg/train_ds_customtrainer.py", line 380, in main
    path = f'{output_path}test_result.csv'
NameError: name 'output_path' is not defined
